// Jest Snapshot v1, https://goo.gl/fbAQLP

exports[`CalendarInput component matches snapshot 1`] = `
<Fragment>
  <Input
    className="input"
    labelPosition="left"
    onClick={[Function]}
    placeholder="Loan length"
    type="text"
    value="February 28, 2013"
  >
    <Label
      basic={true}
    >
      <FaCalendarAlt />
    </Label>
    <input />
  </Input>
  <div
    className="calendar-container"
  >
    <Fade
      collapse={true}
      top={true}
      when={false}
    >
      <t
        allowSameDay={false}
        calendarClassName="fluid"
        dateFormat="MM/dd/yyyy"
        dateFormatCalendar="LLLL yyyy"
        disabled={false}
        disabledKeyboardNavigation={false}
        dropdownMode="scroll"
        inline={true}
        inlineFocusSelectedMonth={false}
        maxDate={2013-03-30T23:00:00.000Z}
        minDate={2013-03-01T00:00:00.000Z}
        monthsShown={1}
        nextMonthButtonLabel="Next Month"
        nextYearButtonLabel="Next Year"
        onBlur={[Function]}
        onChange={[Function]}
        onClickOutside={[Function]}
        onFocus={[Function]}
        onInputClick={[Function]}
        onInputError={[Function]}
        onKeyDown={[Function]}
        onMonthChange={[Function]}
        onSelect={[Function]}
        onYearChange={[Function]}
        preventOpenOnFocus={false}
        previousMonthButtonLabel="Previous Month"
        previousYearButtonLabel="Previous Year"
        readOnly={false}
        renderDayContents={[Function]}
        selected={2013-03-01T00:00:00.000Z}
        shouldCloseOnSelect={true}
        showMonthYearPicker={false}
        showQuarterYearPicker={false}
        showTimeInput={false}
        showTimeSelect={false}
        strictParsing={false}
        timeCaption="Time"
        timeInputLabel="Time"
        timeIntervals={30}
        withPortal={false}
      />
    </Fade>
  </div>
</Fragment>
`;
